/home/seba/Documents/Untitled_Folder/scripts/vector_voltmeter/models/dec2/part1_dec4/testing/XPS_ROACH2_base/implementation/system.ngc 1557102198
/home/seba/Documents/Untitled_Folder/scripts/vector_voltmeter/models/dec2/part1_dec4/testing/XPS_ROACH2_base/implementation/system_epb_opb_bridge_inst_wrapper.ngc 1557101828
/home/seba/Documents/Untitled_Folder/scripts/vector_voltmeter/models/dec2/part1_dec4/testing/XPS_ROACH2_base/implementation/system_testing_asiaa_adc5g0_wrapper.ngc 1557102127
/home/seba/Documents/Untitled_Folder/scripts/vector_voltmeter/models/dec2/part1_dec4/testing/XPS_ROACH2_base/implementation/system_infrastructure_inst_wrapper.ngc 1557101806
/home/seba/Documents/Untitled_Folder/scripts/vector_voltmeter/models/dec2/part1_dec4/testing/XPS_ROACH2_base/implementation/system_opb_adc5g_controller_0_wrapper.ngc 1557101799
/home/seba/Documents/Untitled_Folder/scripts/vector_voltmeter/models/dec2/part1_dec4/testing/XPS_ROACH2_base/implementation/system_epb_infrastructure_inst_wrapper.ngc 1557101835
/home/seba/Documents/Untitled_Folder/scripts/vector_voltmeter/models/dec2/part1_dec4/testing/XPS_ROACH2_base/implementation/system_opb0_wrapper.ngc 1557101821
/home/seba/Documents/Untitled_Folder/scripts/vector_voltmeter/models/dec2/part1_dec4/testing/XPS_ROACH2_base/implementation/system_testing_xsg_core_config_wrapper.ngc 1557102119
/home/seba/Documents/Untitled_Folder/scripts/vector_voltmeter/models/dec2/part1_dec4/testing/XPS_ROACH2_base/implementation/system_sys_block_inst_wrapper.ngc 1557101843
/home/seba/Documents/Untitled_Folder/scripts/vector_voltmeter/models/dec2/part1_dec4/testing/XPS_ROACH2_base/implementation/system_testing_1narrow_ramif_wrapper.ngc 1557101856
/home/seba/Documents/Untitled_Folder/scripts/vector_voltmeter/models/dec2/part1_dec4/testing/XPS_ROACH2_base/implementation/system_testing_3narrow_ramif_wrapper.ngc 1557101878
/home/seba/Documents/Untitled_Folder/scripts/vector_voltmeter/models/dec2/part1_dec4/testing/XPS_ROACH2_base/implementation/system_testing_4narrow_ramif_wrapper.ngc 1557101899
/home/seba/Documents/Untitled_Folder/scripts/vector_voltmeter/models/dec2/part1_dec4/testing/XPS_ROACH2_base/implementation/system_testing_4wide_ramif_wrapper.ngc 1557101920
/home/seba/Documents/Untitled_Folder/scripts/vector_voltmeter/models/dec2/part1_dec4/testing/XPS_ROACH2_base/implementation/system_testing_adc0_delay_wrapper.ngc 1557101941
/home/seba/Documents/Untitled_Folder/scripts/vector_voltmeter/models/dec2/part1_dec4/testing/XPS_ROACH2_base/implementation/system_testing_adcsnap0_bram_ramblk_wrapper.ngc 1557102123
/home/seba/Documents/Untitled_Folder/scripts/vector_voltmeter/models/dec2/part1_dec4/testing/XPS_ROACH2_base/implementation/system_testing_adcsnap0_ctrl_wrapper.ngc 1557101963
/home/seba/Documents/Untitled_Folder/scripts/vector_voltmeter/models/dec2/part1_dec4/testing/XPS_ROACH2_base/implementation/system_testing_adcsnap0_status_wrapper.ngc 1557101970
/home/seba/Documents/Untitled_Folder/scripts/vector_voltmeter/models/dec2/part1_dec4/testing/XPS_ROACH2_base/implementation/system_testing_adcsnap0_trig_offset_wrapper.ngc 1557101977
/home/seba/Documents/Untitled_Folder/scripts/vector_voltmeter/models/dec2/part1_dec4/testing/XPS_ROACH2_base/implementation/system_testing_adcsnap1_bram_ramif_wrapper.ngc 1557101984
/home/seba/Documents/Untitled_Folder/scripts/vector_voltmeter/models/dec2/part1_dec4/testing/XPS_ROACH2_base/implementation/system_testing_adcsnap1_ctrl_wrapper.ngc 1557102005
/home/seba/Documents/Untitled_Folder/scripts/vector_voltmeter/models/dec2/part1_dec4/testing/XPS_ROACH2_base/implementation/system_testing_adcsnap1_status_wrapper.ngc 1557102012
/home/seba/Documents/Untitled_Folder/scripts/vector_voltmeter/models/dec2/part1_dec4/testing/XPS_ROACH2_base/implementation/system_testing_adcsnap1_trig_offset_wrapper.ngc 1557102019
/home/seba/Documents/Untitled_Folder/scripts/vector_voltmeter/models/dec2/part1_dec4/testing/XPS_ROACH2_base/implementation/system_testing_adcsnap2_bram_ramif_wrapper.ngc 1557102026
/home/seba/Documents/Untitled_Folder/scripts/vector_voltmeter/models/dec2/part1_dec4/testing/XPS_ROACH2_base/implementation/system_testing_adcsnap2_ctrl_wrapper.ngc 1557102047
/home/seba/Documents/Untitled_Folder/scripts/vector_voltmeter/models/dec2/part1_dec4/testing/XPS_ROACH2_base/implementation/system_testing_adcsnap2_status_wrapper.ngc 1557102054
/home/seba/Documents/Untitled_Folder/scripts/vector_voltmeter/models/dec2/part1_dec4/testing/XPS_ROACH2_base/implementation/system_testing_adcsnap2_trig_offset_wrapper.ngc 1557102061
/home/seba/Documents/Untitled_Folder/scripts/vector_voltmeter/models/dec2/part1_dec4/testing/XPS_ROACH2_base/implementation/system_testing_cnt_rst_wrapper.ngc 1557102077
/home/seba/Documents/Untitled_Folder/scripts/vector_voltmeter/models/dec2/part1_dec4/testing/XPS_ROACH2_base/implementation/system_testing_get_data_wrapper.ngc 1557102084
/home/seba/Documents/Untitled_Folder/scripts/vector_voltmeter/models/dec2/part1_dec4/testing/XPS_ROACH2_base/implementation/system_testing_snap_trig_wrapper.ngc 1557102091
/home/seba/Documents/Untitled_Folder/scripts/vector_voltmeter/models/dec2/part1_dec4/testing/XPS_ROACH2_base/implementation/system_testing_sync_gen_sync_wrapper.ngc 1557102098
/home/seba/Documents/Untitled_Folder/scripts/vector_voltmeter/models/dec2/part1_dec4/testing/XPS_ROACH2_base/implementation/system_testing_sync_gen_sync_period_sel_wrapper.ngc 1557102105
/home/seba/Documents/Untitled_Folder/scripts/vector_voltmeter/models/dec2/part1_dec4/testing/XPS_ROACH2_base/implementation/system_testing_sync_gen_sync_period_var_wrapper.ngc 1557102112
/home/seba/Documents/Untitled_Folder/scripts/vector_voltmeter/models/dec2/part1_dec4/testing/XPS_ROACH2_base/implementation/system_reset_block_inst_wrapper.ngc 1557101813
/home/seba/Documents/Untitled_Folder/scripts/vector_voltmeter/models/dec2/part1_dec4/testing/XPS_ROACH2_base/implementation/system_testing_1narrow_wrapper.ngc 1557101871
/home/seba/Documents/Untitled_Folder/scripts/vector_voltmeter/models/dec2/part1_dec4/testing/XPS_ROACH2_base/implementation/system_testing_3narrow_wrapper.ngc 1557101892
/home/seba/Documents/Untitled_Folder/scripts/vector_voltmeter/models/dec2/part1_dec4/testing/XPS_ROACH2_base/implementation/system_testing_4narrow_wrapper.ngc 1557101913
/home/seba/Documents/Untitled_Folder/scripts/vector_voltmeter/models/dec2/part1_dec4/testing/XPS_ROACH2_base/implementation/system_testing_4wide_wrapper.ngc 1557101934
/home/seba/Documents/Untitled_Folder/scripts/vector_voltmeter/models/dec2/part1_dec4/testing/XPS_ROACH2_base/implementation/system_testing_adcsnap0_bram_wrapper.ngc 1557101956
/home/seba/Documents/Untitled_Folder/scripts/vector_voltmeter/models/dec2/part1_dec4/testing/XPS_ROACH2_base/implementation/system_testing_adcsnap1_bram_wrapper.ngc 1557101998
/home/seba/Documents/Untitled_Folder/scripts/vector_voltmeter/models/dec2/part1_dec4/testing/XPS_ROACH2_base/implementation/system_testing_adcsnap2_bram_wrapper.ngc 1557102040
/home/seba/Documents/Untitled_Folder/scripts/vector_voltmeter/models/dec2/part1_dec4/testing/XPS_ROACH2_base/implementation/system_testing_1narrow_ramblk_wrapper.ngc 1557101863
/home/seba/Documents/Untitled_Folder/scripts/vector_voltmeter/models/dec2/part1_dec4/testing/XPS_ROACH2_base/implementation/system_testing_3narrow_ramblk_wrapper.ngc 1557101885
/home/seba/Documents/Untitled_Folder/scripts/vector_voltmeter/models/dec2/part1_dec4/testing/XPS_ROACH2_base/implementation/system_testing_4narrow_ramblk_wrapper.ngc 1557101906
/home/seba/Documents/Untitled_Folder/scripts/vector_voltmeter/models/dec2/part1_dec4/testing/XPS_ROACH2_base/implementation/system_testing_4wide_ramblk_wrapper.ngc 1557101927
/home/seba/Documents/Untitled_Folder/scripts/vector_voltmeter/models/dec2/part1_dec4/testing/XPS_ROACH2_base/implementation/system_testing_adcsnap1_bram_ramblk_wrapper.ngc 1557101991
/home/seba/Documents/Untitled_Folder/scripts/vector_voltmeter/models/dec2/part1_dec4/testing/XPS_ROACH2_base/implementation/system_testing_adcsnap2_bram_ramblk_wrapper.ngc 1557102033
OK
