/home/roach/seba/vector_voltmeter/models/tge/casper_model/roach2_tut_tge/XPS_ROACH2_base/implementation/system.ngc 1552580879
/home/roach/seba/vector_voltmeter/models/tge/casper_model/roach2_tut_tge/XPS_ROACH2_base/implementation/system_epb_opb_bridge_inst_wrapper.ngc 1552580253
/home/roach/seba/vector_voltmeter/models/tge/casper_model/roach2_tut_tge/XPS_ROACH2_base/implementation/system_xaui_infrastructure_inst_wrapper.ngc 1552580221
/home/roach/seba/vector_voltmeter/models/tge/casper_model/roach2_tut_tge/XPS_ROACH2_base/implementation/system_infrastructure_inst_wrapper.ngc 1552580228
/home/roach/seba/vector_voltmeter/models/tge/casper_model/roach2_tut_tge/XPS_ROACH2_base/implementation/system_epb_infrastructure_inst_wrapper.ngc 1552580260
/home/roach/seba/vector_voltmeter/models/tge/casper_model/roach2_tut_tge/XPS_ROACH2_base/implementation/system_opb0_wrapper.ngc 1552580245
/home/roach/seba/vector_voltmeter/models/tge/casper_model/roach2_tut_tge/XPS_ROACH2_base/implementation/system_xaui_phy_4_wrapper.ngc 1552580775
/home/roach/seba/vector_voltmeter/models/tge/casper_model/roach2_tut_tge/XPS_ROACH2_base/implementation/system_xaui_phy_5_wrapper.ngc 1552580793
/home/roach/seba/vector_voltmeter/models/tge/casper_model/roach2_tut_tge/XPS_ROACH2_base/implementation/system_roach2_tut_tge_gbe0_wrapper.ngc 1552580770
/home/roach/seba/vector_voltmeter/models/tge/casper_model/roach2_tut_tge/XPS_ROACH2_base/implementation/system_roach2_tut_tge_gbe1_wrapper.ngc 1552580789
/home/roach/seba/vector_voltmeter/models/tge/casper_model/roach2_tut_tge/XPS_ROACH2_base/implementation/system_reset_block_inst_wrapper.ngc 1552580236
/home/roach/seba/vector_voltmeter/models/tge/casper_model/roach2_tut_tge/XPS_ROACH2_base/implementation/system_sys_block_inst_wrapper.ngc 1552580268
/home/roach/seba/vector_voltmeter/models/tge/casper_model/roach2_tut_tge/XPS_ROACH2_base/implementation/system_roach2_tut_tge_xsg_core_config_wrapper.ngc 1552580765
/home/roach/seba/vector_voltmeter/models/tge/casper_model/roach2_tut_tge/XPS_ROACH2_base/implementation/system_roach2_tut_tge_dest_ip_wrapper.ngc 1552580293
/home/roach/seba/vector_voltmeter/models/tge/casper_model/roach2_tut_tge/XPS_ROACH2_base/implementation/system_roach2_tut_tge_dest_port_wrapper.ngc 1552580300
/home/roach/seba/vector_voltmeter/models/tge/casper_model/roach2_tut_tge/XPS_ROACH2_base/implementation/system_roach2_tut_tge_gbe0_rxbadctr_wrapper.ngc 1552580333
/home/roach/seba/vector_voltmeter/models/tge/casper_model/roach2_tut_tge/XPS_ROACH2_base/implementation/system_roach2_tut_tge_gbe0_rxctr_wrapper.ngc 1552580340
/home/roach/seba/vector_voltmeter/models/tge/casper_model/roach2_tut_tge/XPS_ROACH2_base/implementation/system_roach2_tut_tge_gbe0_rxeofctr_wrapper.ngc 1552580348
/home/roach/seba/vector_voltmeter/models/tge/casper_model/roach2_tut_tge/XPS_ROACH2_base/implementation/system_roach2_tut_tge_gbe0_rxofctr_wrapper.ngc 1552580355
/home/roach/seba/vector_voltmeter/models/tge/casper_model/roach2_tut_tge/XPS_ROACH2_base/implementation/system_roach2_tut_tge_gbe0_rxs_ss_bram_ramblk_wrapper.ngc 1552580779
/home/roach/seba/vector_voltmeter/models/tge/casper_model/roach2_tut_tge/XPS_ROACH2_base/implementation/system_roach2_tut_tge_gbe0_rxs_ss_ctrl_wrapper.ngc 1552580379
/home/roach/seba/vector_voltmeter/models/tge/casper_model/roach2_tut_tge/XPS_ROACH2_base/implementation/system_roach2_tut_tge_gbe0_rxs_ss_status_wrapper.ngc 1552580387
/home/roach/seba/vector_voltmeter/models/tge/casper_model/roach2_tut_tge/XPS_ROACH2_base/implementation/system_roach2_tut_tge_gbe0_rxvldctr_wrapper.ngc 1552580394
/home/roach/seba/vector_voltmeter/models/tge/casper_model/roach2_tut_tge/XPS_ROACH2_base/implementation/system_roach2_tut_tge_gbe0_txctr_wrapper.ngc 1552580402
/home/roach/seba/vector_voltmeter/models/tge/casper_model/roach2_tut_tge/XPS_ROACH2_base/implementation/system_roach2_tut_tge_gbe0_txfullctr_wrapper.ngc 1552580409
/home/roach/seba/vector_voltmeter/models/tge/casper_model/roach2_tut_tge/XPS_ROACH2_base/implementation/system_roach2_tut_tge_gbe0_txofctr_wrapper.ngc 1552580417
/home/roach/seba/vector_voltmeter/models/tge/casper_model/roach2_tut_tge/XPS_ROACH2_base/implementation/system_roach2_tut_tge_gbe0_txs_ss_bram_ramblk_wrapper.ngc 1552580784
/home/roach/seba/vector_voltmeter/models/tge/casper_model/roach2_tut_tge/XPS_ROACH2_base/implementation/system_roach2_tut_tge_gbe0_txs_ss_ctrl_wrapper.ngc 1552580440
/home/roach/seba/vector_voltmeter/models/tge/casper_model/roach2_tut_tge/XPS_ROACH2_base/implementation/system_roach2_tut_tge_gbe0_txs_ss_status_wrapper.ngc 1552580447
/home/roach/seba/vector_voltmeter/models/tge/casper_model/roach2_tut_tge/XPS_ROACH2_base/implementation/system_roach2_tut_tge_gbe0_txvldctr_wrapper.ngc 1552580454
/home/roach/seba/vector_voltmeter/models/tge/casper_model/roach2_tut_tge/XPS_ROACH2_base/implementation/system_roach2_tut_tge_gbe0_linkup_wrapper.ngc 1552580462
/home/roach/seba/vector_voltmeter/models/tge/casper_model/roach2_tut_tge/XPS_ROACH2_base/implementation/system_roach2_tut_tge_gbe0_tx_cnt_wrapper.ngc 1552580469
/home/roach/seba/vector_voltmeter/models/tge/casper_model/roach2_tut_tge/XPS_ROACH2_base/implementation/system_roach2_tut_tge_gbe1_rxbadctr_wrapper.ngc 1552580501
/home/roach/seba/vector_voltmeter/models/tge/casper_model/roach2_tut_tge/XPS_ROACH2_base/implementation/system_roach2_tut_tge_gbe1_rxctr_wrapper.ngc 1552580509
/home/roach/seba/vector_voltmeter/models/tge/casper_model/roach2_tut_tge/XPS_ROACH2_base/implementation/system_roach2_tut_tge_gbe1_rxeofctr_wrapper.ngc 1552580516
/home/roach/seba/vector_voltmeter/models/tge/casper_model/roach2_tut_tge/XPS_ROACH2_base/implementation/system_roach2_tut_tge_gbe1_rxofctr_wrapper.ngc 1552580524
/home/roach/seba/vector_voltmeter/models/tge/casper_model/roach2_tut_tge/XPS_ROACH2_base/implementation/system_roach2_tut_tge_gbe1_rxs_ss_bram_ramblk_wrapper.ngc 1552580798
/home/roach/seba/vector_voltmeter/models/tge/casper_model/roach2_tut_tge/XPS_ROACH2_base/implementation/system_roach2_tut_tge_gbe1_rxs_ss_ctrl_wrapper.ngc 1552580546
/home/roach/seba/vector_voltmeter/models/tge/casper_model/roach2_tut_tge/XPS_ROACH2_base/implementation/system_roach2_tut_tge_gbe1_rxs_ss_status_wrapper.ngc 1552580554
/home/roach/seba/vector_voltmeter/models/tge/casper_model/roach2_tut_tge/XPS_ROACH2_base/implementation/system_roach2_tut_tge_gbe1_rxvldctr_wrapper.ngc 1552580561
/home/roach/seba/vector_voltmeter/models/tge/casper_model/roach2_tut_tge/XPS_ROACH2_base/implementation/system_roach2_tut_tge_gbe1_txctr_wrapper.ngc 1552580568
/home/roach/seba/vector_voltmeter/models/tge/casper_model/roach2_tut_tge/XPS_ROACH2_base/implementation/system_roach2_tut_tge_gbe1_txfullctr_wrapper.ngc 1552580576
/home/roach/seba/vector_voltmeter/models/tge/casper_model/roach2_tut_tge/XPS_ROACH2_base/implementation/system_roach2_tut_tge_gbe1_txofctr_wrapper.ngc 1552580583
/home/roach/seba/vector_voltmeter/models/tge/casper_model/roach2_tut_tge/XPS_ROACH2_base/implementation/system_roach2_tut_tge_gbe1_txs_ss_bram_ramblk_wrapper.ngc 1552580803
/home/roach/seba/vector_voltmeter/models/tge/casper_model/roach2_tut_tge/XPS_ROACH2_base/implementation/system_roach2_tut_tge_gbe1_txs_ss_ctrl_wrapper.ngc 1552580606
/home/roach/seba/vector_voltmeter/models/tge/casper_model/roach2_tut_tge/XPS_ROACH2_base/implementation/system_roach2_tut_tge_gbe1_txs_ss_status_wrapper.ngc 1552580613
/home/roach/seba/vector_voltmeter/models/tge/casper_model/roach2_tut_tge/XPS_ROACH2_base/implementation/system_roach2_tut_tge_gbe1_txvldctr_wrapper.ngc 1552580621
/home/roach/seba/vector_voltmeter/models/tge/casper_model/roach2_tut_tge/XPS_ROACH2_base/implementation/system_roach2_tut_tge_gbe1_linkup_wrapper.ngc 1552580628
/home/roach/seba/vector_voltmeter/models/tge/casper_model/roach2_tut_tge/XPS_ROACH2_base/implementation/system_roach2_tut_tge_gbe1_rx_frame_cnt_wrapper.ngc 1552580636
/home/roach/seba/vector_voltmeter/models/tge/casper_model/roach2_tut_tge/XPS_ROACH2_base/implementation/system_roach2_tut_tge_led0_gbe0_pulse_tx_wrapper.ngc 1552580643
/home/roach/seba/vector_voltmeter/models/tge/casper_model/roach2_tut_tge/XPS_ROACH2_base/implementation/system_roach2_tut_tge_led1_gbe0_up_wrapper.ngc 1552580650
/home/roach/seba/vector_voltmeter/models/tge/casper_model/roach2_tut_tge/XPS_ROACH2_base/implementation/system_roach2_tut_tge_led2_gbe1_pulse_rx_wrapper.ngc 1552580658
/home/roach/seba/vector_voltmeter/models/tge/casper_model/roach2_tut_tge/XPS_ROACH2_base/implementation/system_roach2_tut_tge_led3_gbe1_up_wrapper.ngc 1552580665
/home/roach/seba/vector_voltmeter/models/tge/casper_model/roach2_tut_tge/XPS_ROACH2_base/implementation/system_roach2_tut_tge_pkt_sim_enable_wrapper.ngc 1552580673
/home/roach/seba/vector_voltmeter/models/tge/casper_model/roach2_tut_tge/XPS_ROACH2_base/implementation/system_roach2_tut_tge_pkt_sim_payload_len_wrapper.ngc 1552580680
/home/roach/seba/vector_voltmeter/models/tge/casper_model/roach2_tut_tge/XPS_ROACH2_base/implementation/system_roach2_tut_tge_pkt_sim_period_wrapper.ngc 1552580687
/home/roach/seba/vector_voltmeter/models/tge/casper_model/roach2_tut_tge/XPS_ROACH2_base/implementation/system_roach2_tut_tge_rst_wrapper.ngc 1552580695
/home/roach/seba/vector_voltmeter/models/tge/casper_model/roach2_tut_tge/XPS_ROACH2_base/implementation/system_roach2_tut_tge_tx_snapshot_ss_bram_ramblk_wrapper.ngc 1552580807
/home/roach/seba/vector_voltmeter/models/tge/casper_model/roach2_tut_tge/XPS_ROACH2_base/implementation/system_roach2_tut_tge_tx_snapshot_ss_ctrl_wrapper.ngc 1552580717
/home/roach/seba/vector_voltmeter/models/tge/casper_model/roach2_tut_tge/XPS_ROACH2_base/implementation/system_roach2_tut_tge_tx_snapshot_ss_status_wrapper.ngc 1552580725
/home/roach/seba/vector_voltmeter/models/tge/casper_model/roach2_tut_tge/XPS_ROACH2_base/implementation/system_sfp_mdio_controller_inst_wrapper.ngc 1552580277
/home/roach/seba/vector_voltmeter/models/tge/casper_model/roach2_tut_tge/XPS_ROACH2_base/implementation/system_roach2_tut_tge_gbe0_rxs_ss_bram_wrapper.ngc 1552580372
/home/roach/seba/vector_voltmeter/models/tge/casper_model/roach2_tut_tge/XPS_ROACH2_base/implementation/system_roach2_tut_tge_gbe0_txs_ss_bram_wrapper.ngc 1552580432
/home/roach/seba/vector_voltmeter/models/tge/casper_model/roach2_tut_tge/XPS_ROACH2_base/implementation/system_roach2_tut_tge_gbe1_rxs_ss_bram_wrapper.ngc 1552580539
/home/roach/seba/vector_voltmeter/models/tge/casper_model/roach2_tut_tge/XPS_ROACH2_base/implementation/system_roach2_tut_tge_gbe1_txs_ss_bram_wrapper.ngc 1552580598
/home/roach/seba/vector_voltmeter/models/tge/casper_model/roach2_tut_tge/XPS_ROACH2_base/implementation/system_roach2_tut_tge_tx_snapshot_ss_bram_wrapper.ngc 1552580710
/home/roach/seba/vector_voltmeter/models/tge/casper_model/roach2_tut_tge/XPS_ROACH2_base/implementation/system_opb1_wrapper.ngc 1552580733
/home/roach/seba/vector_voltmeter/models/tge/casper_model/roach2_tut_tge/XPS_ROACH2_base/implementation/system_opb2opb_bridge_opb1_wrapper.ngc 1552580741
/home/roach/seba/vector_voltmeter/models/tge/casper_model/roach2_tut_tge/XPS_ROACH2_base/implementation/system_opb2_wrapper.ngc 1552580750
/home/roach/seba/vector_voltmeter/models/tge/casper_model/roach2_tut_tge/XPS_ROACH2_base/implementation/system_opb2opb_bridge_opb2_wrapper.ngc 1552580758
OK
