--------------------------------------------------------------------------------
Release 14.7 Trace  (lin64)
Copyright (c) 1995-2013 Xilinx, Inc.  All rights reserved.

/opt/Xilinx/14.7/ISE_DS/ISE/bin/lin64/unwrapped/trce -e 200 -xml system.twx
system.ncd system.pcf

Design file:              system.ncd
Physical constraint file: system.pcf
Device,package,speed:     xc6vsx475t,ff1759,C,-1 (PRODUCTION 1.17 2013-10-13)
Report level:             error report, limited to 200 items per constraint

Environment Variable      Effect 
--------------------      ------ 
NONE                      No environment variables were set
--------------------------------------------------------------------------------

INFO:Timing:3386 - Intersecting Constraints found and resolved.  For more 
   information, see the TSI report.  Please consult the Xilinx Command Line 
   Tools User Guide for information on generating a TSI report.
INFO:Timing:3412 - To improve timing, see the Timing Closure User Guide (UG612).
INFO:Timing:2752 - To get complete path coverage, use the unconstrained paths 
   option. All paths that are not constrained will be reported in the 
   unconstrained paths section(s) of the report.
INFO:Timing:3339 - The clock-to-out numbers in this timing report are based on 
   a 50 Ohm transmission line loading model.  For the details of this model, 
   and for more information on accounting for different loading conditions, 
   please see the device datasheet.

================================================================================
Timing constraint: TS_sys_clk_n = PERIOD TIMEGRP "sys_clk_n" 100 MHz HIGH 50%;
For more information, see Period Analysis in the Timing Closure User Guide (UG612).

 0 paths analyzed, 0 endpoints analyzed, 0 failing endpoints
 0 timing errors detected. (0 component switching limit errors)
 Minimum period is   4.000ns.
--------------------------------------------------------------------------------

================================================================================
Timing constraint: TS_epb_clk_in = PERIOD TIMEGRP "epb_clk_in" 67 MHz HIGH 50%;
For more information, see Period Analysis in the Timing Closure User Guide (UG612).

 447614 paths analyzed, 17236 endpoints analyzed, 0 failing endpoints
 0 timing errors detected. (0 setup errors, 0 hold errors, 0 component switching limit errors)
 Minimum period is  14.873ns.
--------------------------------------------------------------------------------

================================================================================
Timing constraint: TS_sys_clk = PERIOD TIMEGRP "TNM_sys_clk" 100 MHz HIGH 50%;
For more information, see Period Analysis in the Timing Closure User Guide (UG612).

 0 paths analyzed, 0 endpoints analyzed, 0 failing endpoints
 0 timing errors detected. (0 component switching limit errors)
 Minimum period is   2.222ns.
--------------------------------------------------------------------------------

================================================================================
Timing constraint: TS_xaui_clk = PERIOD TIMEGRP "xaui_clk" 156.25 MHz HIGH 50%;
For more information, see Period Analysis in the Timing Closure User Guide (UG612).

 130279 paths analyzed, 13841 endpoints analyzed, 0 failing endpoints
 0 timing errors detected. (0 setup errors, 0 hold errors, 0 component switching limit errors)
 Minimum period is   6.140ns.
--------------------------------------------------------------------------------

================================================================================
Timing constraint: TS_xaui_infra_clk = PERIOD TIMEGRP "xaui_infra_clk" 156.25 
MHz HIGH 50%;
For more information, see Period Analysis in the Timing Closure User Guide (UG612).

 6 paths analyzed, 6 endpoints analyzed, 0 failing endpoints
 0 timing errors detected. (0 setup errors, 0 hold errors, 0 component switching limit errors)
 Minimum period is   0.844ns.
--------------------------------------------------------------------------------

================================================================================
Timing constraint: TS_infrastructure_inst_infrastructure_inst_sys_clk_mmcm = 
PERIOD TIMEGRP         "infrastructure_inst_infrastructure_inst_sys_clk_mmcm" 
TS_sys_clk_n         HIGH 50%;
For more information, see Period Analysis in the Timing Closure User Guide (UG612).

 46619 paths analyzed, 20470 endpoints analyzed, 0 failing endpoints
 0 timing errors detected. (0 setup errors, 0 hold errors, 0 component switching limit errors)
 Minimum period is   8.175ns.
--------------------------------------------------------------------------------

================================================================================
Timing constraint: TS_infrastructure_inst_infrastructure_inst_clk_200_mmcm = 
PERIOD TIMEGRP         "infrastructure_inst_infrastructure_inst_clk_200_mmcm" 
TS_sys_clk_n *         2 HIGH 50%;
For more information, see Period Analysis in the Timing Closure User Guide (UG612).

 0 paths analyzed, 0 endpoints analyzed, 0 failing endpoints
 0 timing errors detected. (0 component switching limit errors)
 Minimum period is   1.429ns.
--------------------------------------------------------------------------------


Derived Constraint Report
Derived Constraints for TS_sys_clk_n
+-------------------------------+-------------+-------------+-------------+-------------+-------------+-------------+-------------+
|                               |   Period    |       Actual Period       |      Timing Errors        |      Paths Analyzed       |
|           Constraint          | Requirement |-------------+-------------|-------------+-------------|-------------+-------------|
|                               |             |   Direct    | Derivative  |   Direct    | Derivative  |   Direct    | Derivative  |
+-------------------------------+-------------+-------------+-------------+-------------+-------------+-------------+-------------+
|TS_sys_clk_n                   |     10.000ns|      4.000ns|      8.175ns|            0|            0|            0|        46619|
| TS_infrastructure_inst_infrast|     10.000ns|      8.175ns|          N/A|            0|            0|        46619|            0|
| ructure_inst_sys_clk_mmcm     |             |             |             |             |             |             |             |
| TS_infrastructure_inst_infrast|      5.000ns|      1.429ns|          N/A|            0|            0|            0|            0|
| ructure_inst_clk_200_mmcm     |             |             |             |             |             |             |             |
+-------------------------------+-------------+-------------+-------------+-------------+-------------+-------------+-------------+

All constraints were met.


Data Sheet report:
-----------------
All values displayed in nanoseconds (ns)

Clock to Setup on destination clock epb_clk_in
---------------+---------+---------+---------+---------+
               | Src:Rise| Src:Fall| Src:Rise| Src:Fall|
Source Clock   |Dest:Rise|Dest:Rise|Dest:Fall|Dest:Fall|
---------------+---------+---------+---------+---------+
epb_clk_in     |   14.873|         |         |         |
---------------+---------+---------+---------+---------+

Clock to Setup on destination clock sys_clk_n
---------------+---------+---------+---------+---------+
               | Src:Rise| Src:Fall| Src:Rise| Src:Fall|
Source Clock   |Dest:Rise|Dest:Rise|Dest:Fall|Dest:Fall|
---------------+---------+---------+---------+---------+
sys_clk_n      |    8.175|         |         |         |
sys_clk_p      |    8.175|         |         |         |
---------------+---------+---------+---------+---------+

Clock to Setup on destination clock sys_clk_p
---------------+---------+---------+---------+---------+
               | Src:Rise| Src:Fall| Src:Rise| Src:Fall|
Source Clock   |Dest:Rise|Dest:Rise|Dest:Fall|Dest:Fall|
---------------+---------+---------+---------+---------+
sys_clk_n      |    8.175|         |         |         |
sys_clk_p      |    8.175|         |         |         |
---------------+---------+---------+---------+---------+

Clock to Setup on destination clock xaui_refclk_n<1>
----------------+---------+---------+---------+---------+
                | Src:Rise| Src:Fall| Src:Rise| Src:Fall|
Source Clock    |Dest:Rise|Dest:Rise|Dest:Fall|Dest:Fall|
----------------+---------+---------+---------+---------+
xaui_refclk_n<1>|    0.776|         |         |         |
xaui_refclk_p<1>|    0.776|         |         |         |
----------------+---------+---------+---------+---------+

Clock to Setup on destination clock xaui_refclk_n<2>
----------------+---------+---------+---------+---------+
                | Src:Rise| Src:Fall| Src:Rise| Src:Fall|
Source Clock    |Dest:Rise|Dest:Rise|Dest:Fall|Dest:Fall|
----------------+---------+---------+---------+---------+
xaui_refclk_n<2>|    0.844|         |         |         |
xaui_refclk_p<2>|    0.844|         |         |         |
----------------+---------+---------+---------+---------+

Clock to Setup on destination clock xaui_refclk_p<1>
----------------+---------+---------+---------+---------+
                | Src:Rise| Src:Fall| Src:Rise| Src:Fall|
Source Clock    |Dest:Rise|Dest:Rise|Dest:Fall|Dest:Fall|
----------------+---------+---------+---------+---------+
xaui_refclk_n<1>|    0.776|         |         |         |
xaui_refclk_p<1>|    0.776|         |         |         |
----------------+---------+---------+---------+---------+

Clock to Setup on destination clock xaui_refclk_p<2>
----------------+---------+---------+---------+---------+
                | Src:Rise| Src:Fall| Src:Rise| Src:Fall|
Source Clock    |Dest:Rise|Dest:Rise|Dest:Fall|Dest:Fall|
----------------+---------+---------+---------+---------+
xaui_refclk_n<2>|    0.844|         |         |         |
xaui_refclk_p<2>|    0.844|         |         |         |
----------------+---------+---------+---------+---------+


Timing summary:
---------------

Timing errors: 0  Score: 0  (Setup/Max: 0, Hold: 0)

Constraints cover 624518 paths, 0 nets, and 67060 connections

Design statistics:
   Minimum period:  14.873ns   (Maximum frequency:  67.236MHz)


Analysis completed Thu Mar 14 13:37:31 2019 
--------------------------------------------------------------------------------

Trace Settings:
-------------------------
Trace Settings 

Peak Memory Usage: 1419 MB



