/home/seba/Documents/Untitled_Folder/scripts/vector_voltmeter/models/dec2/part2_dec4/testing2/XPS_ROACH2_base/implementation/system.ngc 1557500884
/home/seba/Documents/Untitled_Folder/scripts/vector_voltmeter/models/dec2/part2_dec4/testing2/XPS_ROACH2_base/implementation/system_epb_opb_bridge_inst_wrapper.ngc 1557500558
/home/seba/Documents/Untitled_Folder/scripts/vector_voltmeter/models/dec2/part2_dec4/testing2/XPS_ROACH2_base/implementation/system_testing2_asiaa_adc5g0_wrapper.ngc 1557500795
/home/seba/Documents/Untitled_Folder/scripts/vector_voltmeter/models/dec2/part2_dec4/testing2/XPS_ROACH2_base/implementation/system_infrastructure_inst_wrapper.ngc 1557500532
/home/seba/Documents/Untitled_Folder/scripts/vector_voltmeter/models/dec2/part2_dec4/testing2/XPS_ROACH2_base/implementation/system_opb_adc5g_controller_0_wrapper.ngc 1557500524
/home/seba/Documents/Untitled_Folder/scripts/vector_voltmeter/models/dec2/part2_dec4/testing2/XPS_ROACH2_base/implementation/system_epb_infrastructure_inst_wrapper.ngc 1557500566
/home/seba/Documents/Untitled_Folder/scripts/vector_voltmeter/models/dec2/part2_dec4/testing2/XPS_ROACH2_base/implementation/system_opb0_wrapper.ngc 1557500550
/home/seba/Documents/Untitled_Folder/scripts/vector_voltmeter/models/dec2/part2_dec4/testing2/XPS_ROACH2_base/implementation/system_testing2_xsg_core_config_wrapper.ngc 1557500785
/home/seba/Documents/Untitled_Folder/scripts/vector_voltmeter/models/dec2/part2_dec4/testing2/XPS_ROACH2_base/implementation/system_sys_block_inst_wrapper.ngc 1557500574
/home/seba/Documents/Untitled_Folder/scripts/vector_voltmeter/models/dec2/part2_dec4/testing2/XPS_ROACH2_base/implementation/system_testing2_4narrow_ramif_wrapper.ngc 1557500590
/home/seba/Documents/Untitled_Folder/scripts/vector_voltmeter/models/dec2/part2_dec4/testing2/XPS_ROACH2_base/implementation/system_testing2_adc0_delay_wrapper.ngc 1557500615
/home/seba/Documents/Untitled_Folder/scripts/vector_voltmeter/models/dec2/part2_dec4/testing2/XPS_ROACH2_base/implementation/system_testing2_adcsnap0_bram_ramblk_wrapper.ngc 1557500790
/home/seba/Documents/Untitled_Folder/scripts/vector_voltmeter/models/dec2/part2_dec4/testing2/XPS_ROACH2_base/implementation/system_testing2_adcsnap0_ctrl_wrapper.ngc 1557500639
/home/seba/Documents/Untitled_Folder/scripts/vector_voltmeter/models/dec2/part2_dec4/testing2/XPS_ROACH2_base/implementation/system_testing2_adcsnap0_status_wrapper.ngc 1557500647
/home/seba/Documents/Untitled_Folder/scripts/vector_voltmeter/models/dec2/part2_dec4/testing2/XPS_ROACH2_base/implementation/system_testing2_adcsnap0_trig_offset_wrapper.ngc 1557500655
/home/seba/Documents/Untitled_Folder/scripts/vector_voltmeter/models/dec2/part2_dec4/testing2/XPS_ROACH2_base/implementation/system_testing2_cnt_rst_wrapper.ngc 1557500674
/home/seba/Documents/Untitled_Folder/scripts/vector_voltmeter/models/dec2/part2_dec4/testing2/XPS_ROACH2_base/implementation/system_testing2_fft_out_ramif_wrapper.ngc 1557500682
/home/seba/Documents/Untitled_Folder/scripts/vector_voltmeter/models/dec2/part2_dec4/testing2/XPS_ROACH2_base/implementation/system_testing2_fft_out1_ramif_wrapper.ngc 1557500706
/home/seba/Documents/Untitled_Folder/scripts/vector_voltmeter/models/dec2/part2_dec4/testing2/XPS_ROACH2_base/implementation/system_testing2_get_data_wrapper.ngc 1557500730
/home/seba/Documents/Untitled_Folder/scripts/vector_voltmeter/models/dec2/part2_dec4/testing2/XPS_ROACH2_base/implementation/system_testing2_pfb_out_ramblk_wrapper.ngc 1557500800
/home/seba/Documents/Untitled_Folder/scripts/vector_voltmeter/models/dec2/part2_dec4/testing2/XPS_ROACH2_base/implementation/system_testing2_snap_trig_wrapper.ngc 1557500753
/home/seba/Documents/Untitled_Folder/scripts/vector_voltmeter/models/dec2/part2_dec4/testing2/XPS_ROACH2_base/implementation/system_testing2_sync_gen_sync_wrapper.ngc 1557500761
/home/seba/Documents/Untitled_Folder/scripts/vector_voltmeter/models/dec2/part2_dec4/testing2/XPS_ROACH2_base/implementation/system_testing2_sync_gen_sync_period_sel_wrapper.ngc 1557500769
/home/seba/Documents/Untitled_Folder/scripts/vector_voltmeter/models/dec2/part2_dec4/testing2/XPS_ROACH2_base/implementation/system_testing2_sync_gen_sync_period_var_wrapper.ngc 1557500777
/home/seba/Documents/Untitled_Folder/scripts/vector_voltmeter/models/dec2/part2_dec4/testing2/XPS_ROACH2_base/implementation/system_reset_block_inst_wrapper.ngc 1557500540
/home/seba/Documents/Untitled_Folder/scripts/vector_voltmeter/models/dec2/part2_dec4/testing2/XPS_ROACH2_base/implementation/system_testing2_4narrow_wrapper.ngc 1557500606
/home/seba/Documents/Untitled_Folder/scripts/vector_voltmeter/models/dec2/part2_dec4/testing2/XPS_ROACH2_base/implementation/system_testing2_adcsnap0_bram_wrapper.ngc 1557500631
/home/seba/Documents/Untitled_Folder/scripts/vector_voltmeter/models/dec2/part2_dec4/testing2/XPS_ROACH2_base/implementation/system_testing2_fft_out_wrapper.ngc 1557500698
/home/seba/Documents/Untitled_Folder/scripts/vector_voltmeter/models/dec2/part2_dec4/testing2/XPS_ROACH2_base/implementation/system_testing2_fft_out1_wrapper.ngc 1557500722
/home/seba/Documents/Untitled_Folder/scripts/vector_voltmeter/models/dec2/part2_dec4/testing2/XPS_ROACH2_base/implementation/system_testing2_pfb_out_wrapper.ngc 1557500746
/home/seba/Documents/Untitled_Folder/scripts/vector_voltmeter/models/dec2/part2_dec4/testing2/XPS_ROACH2_base/implementation/system_testing2_4narrow_ramblk_wrapper.ngc 1557500598
/home/seba/Documents/Untitled_Folder/scripts/vector_voltmeter/models/dec2/part2_dec4/testing2/XPS_ROACH2_base/implementation/system_testing2_fft_out_ramblk_wrapper.ngc 1557500690
/home/seba/Documents/Untitled_Folder/scripts/vector_voltmeter/models/dec2/part2_dec4/testing2/XPS_ROACH2_base/implementation/system_testing2_fft_out1_ramblk_wrapper.ngc 1557500714
OK
